// Jest Snapshot v1, https://goo.gl/fbAQLP

exports[`NoteListNav component renders a .NoteListNav by default 1`] = `undefined`;

exports[`NoteListNav component renders the NoteListNav component 1`] = `undefined`;
